cypress/support/commands.ts(3,9): error TS2669: Augmentations for the global scope can only be directly nested in external modules or ambient module declarations.
cypress/support/commands.ts(6,47): error TS2315: Type 'Chainable' is not generic.
cypress/support/commands.ts(12,22): error TS2345: Argument of type '"login"' is not assignable to parameter of type 'keyof Chainable<any>'.
cypress/support/e2e.ts(3,29): error TS2792: Cannot find module './page-objects'. Did you mean to set the 'moduleResolution' option to 'nodenext', or to add aliases to the 'paths' option?
cypress/support/e2e.ts(7,9): error TS2502: 'PageObjects' is referenced directly or indirectly in its own type annotation.
node_modules/@types/node/http.d.ts(2142,36): error TS2792: Cannot find module 'undici-types'. Did you mean to set the 'moduleResolution' option to 'nodenext', or to add aliases to the 'paths' option?
node_modules/@types/node/http.d.ts(2146,37): error TS2792: Cannot find module 'undici-types'. Did you mean to set the 'moduleResolution' option to 'nodenext', or to add aliases to the 'paths' option?
node_modules/@types/node/http.d.ts(2150,39): error TS2792: Cannot find module 'undici-types'. Did you mean to set the 'moduleResolution' option to 'nodenext', or to add aliases to the 'paths' option?
node_modules/@types/node/web-globals/fetch.d.ts(3,25): error TS2792: Cannot find module 'undici-types'. Did you mean to set the 'moduleResolution' option to 'nodenext', or to add aliases to the 'paths' option?
node_modules/@types/node/worker_threads.d.ts(66,34): error TS2792: Cannot find module 'undici-types'. Did you mean to set the 'moduleResolution' option to 'nodenext', or to add aliases to the 'paths' option?
node_modules/cypress/types/cy-blob-util.d.ts(6,27): error TS2792: Cannot find module 'blob-util'. Did you mean to set the 'moduleResolution' option to 'nodenext', or to add aliases to the 'paths' option?
node_modules/cypress/types/cy-bluebird.d.ts(4,35): error TS2792: Cannot find module './bluebird'. Did you mean to set the 'moduleResolution' option to 'nodenext', or to add aliases to the 'paths' option?
node_modules/cypress/types/cypress-eventemitter.d.ts(2,29): error TS2792: Cannot find module 'eventemitter2'. Did you mean to set the 'moduleResolution' option to 'nodenext', or to add aliases to the 'paths' option?
node_modules/cypress/types/cypress-eventemitter.d.ts(33,33): error TS2792: Cannot find module 'buffer/'. Did you mean to set the 'moduleResolution' option to 'nodenext', or to add aliases to the 'paths' option?
node_modules/cypress/types/sinon-chai/index.d.ts(4,24): error TS2792: Cannot find module '../sinon'. Did you mean to set the 'moduleResolution' option to 'nodenext', or to add aliases to the 'paths' option?
